[iptv-e-p2p.dnetvpn.site/index.html]
[external.html]
[backblue.gif]
[fade.gif]
[index.html]
[connect.facebook.net/en_US/fbevents.js]
[iptv-e-p2p.dnetvpn.site/index-2.html]
[iptv-e-p2p.dnetvpn.site/wp-content/uploads/2022/11/teste-iptv-6-horas-gratis.png]
[iptv-e-p2p.dnetvpn.site/feed/index.html]
[iptv-e-p2p.dnetvpn.site/comments/feed/index.html]
[iptv-e-p2p.dnetvpn.site/wp-content/plugins/jeg-elementor-kit/assets/css/elements/main337d337d.css]
[iptv-e-p2p.dnetvpn.site/wp-includes/css/dist/block-library/style.min1eb71eb7.css]
[iptv-e-p2p.dnetvpn.site/wp-content/plugins/elementor/assets/lib/eicons/css/elementor-icons.min91ce91ce.css]
[iptv-e-p2p.dnetvpn.site/wp-content/plugins/elementor/assets/css/frontend-lite.minf3dff3df.css]
[iptv-e-p2p.dnetvpn.site/wp-content/uploads/elementor/css/post-12051465146.css]
[iptv-e-p2p.dnetvpn.site/wp-content/plugins/elementor-pro/assets/css/frontend-lite.min1ac11ac1.css]
[iptv-e-p2p.dnetvpn.site/wp-content/uploads/elementor/css/post-1107b107b1.css]
[iptv-e-p2p.dnetvpn.site/wp-content/plugins/elementor/assets/lib/font-awesome/css/all.minf3dff3df.css]
[iptv-e-p2p.dnetvpn.site/wp-content/plugins/elementor/assets/lib/font-awesome/css/v4-shims.minf3dff3df.css]
[iptv-e-p2p.dnetvpn.site/wp-content/themes/hello-elementor/style.minc141c141.css]
[iptv-e-p2p.dnetvpn.site/wp-content/themes/hello-elementor/theme.minc141c141.css]
[iptv-e-p2p.dnetvpn.site/wp-content/uploads/elementor/css/post-1951465146.css]
[iptv-e-p2p.dnetvpn.site/wp-content/uploads/elementor/css/post-23cbfccbfc.css]
[iptv-e-p2p.dnetvpn.site/wp-content/plugins/elementskit-lite/modules/elementskit-icon-pack/assets/css/ekiticonsae29ae29.css]
[iptv-e-p2p.dnetvpn.site/wp-content/plugins/elementskit-lite/widgets/init/assets/css/widget-stylesae29ae29.css]
[iptv-e-p2p.dnetvpn.site/wp-content/plugins/elementskit-lite/widgets/init/assets/css/responsiveae29ae29.css]
[iptv-e-p2p.dnetvpn.site/wp-content/plugins/elementor/assets/lib/font-awesome/css/fontawesome.min52d552d5.css]
[iptv-e-p2p.dnetvpn.site/wp-content/plugins/elementor/assets/lib/font-awesome/css/solid.min52d552d5.css]
[iptv-e-p2p.dnetvpn.site/wp-content/plugins/elementor/assets/lib/font-awesome/css/brands.min52d552d5.css]
[iptv-e-p2p.dnetvpn.site/wp-content/plugins/elementor/assets/lib/font-awesome/js/v4-shims.minf3dff3df.js]
[iptv-e-p2p.dnetvpn.site/wp-includes/js/jquery/jquery.minaf6caf6c.js]
[iptv-e-p2p.dnetvpn.site/wp-includes/js/jquery/jquery-migrate.mind617d617.js]
[iptv-e-p2p.dnetvpn.site/wp-json/index.html]
[iptv-e-p2p.dnetvpn.site/wp-json/wp/v2/pages/11.json]
[iptv-e-p2p.dnetvpn.site/xmlrpc0db00db0.php]
[iptv-e-p2p.dnetvpn.site/wp-includes/wlwmanifest.xml]
[iptv-e-p2p.dnetvpn.site/wp-json/oembed/1.0/embeddd47dd47.json]
[iptv-e-p2p.dnetvpn.site/www.googletagmanager.com/gtm54455445.html]
[iptv-e-p2p.dnetvpn.site/wp-content/uploads/2022/11/cropped-logo-iptv-32x32.png]
[iptv-e-p2p.dnetvpn.site/wp-content/uploads/2022/11/cropped-logo-iptv-192x192.png]
[iptv-e-p2p.dnetvpn.site/wp-content/uploads/2022/11/cropped-logo-iptv-180x180.png]
[iptv-e-p2p.dnetvpn.site/wp-content/uploads/2022/09/teste-iptv-6-horas.png]
[iptv-e-p2p.dnetvpn.site/wp-content/uploads/2022/11/bginicio-2.png]
[iptv-e-p2p.dnetvpn.site/wp-content/uploads/2022/11/teste-iptv-1.png]
[iptv-e-p2p.dnetvpn.site/wp-content/uploads/2022/11/shape-1@2x.png]
[iptv-e-p2p.dnetvpn.site/wp-content/uploads/2022/11/icons-1.png]
[iptv-e-p2p.dnetvpn.site/wp-content/uploads/2022/11/quoite-left-black@2x.png]
[iptv-e-p2p.dnetvpn.site/wp-content/uploads/2022/11/testi-foto@2x@2x.jpg]
[iptv-e-p2p.dnetvpn.site/wp-content/plugins/elementor/assets/css/widget-icon-list.min.css]
[iptv-e-p2p.dnetvpn.site/wp-content/plugins/elementor/assets/lib/animations/animations.minf3dff3df.css]
[iptv-e-p2p.dnetvpn.site/wp-content/themes/hello-elementor/assets/js/hello-frontend.min8a548a54.js]
[iptv-e-p2p.dnetvpn.site/wp-content/plugins/elementskit-lite/widgets/init/assets/js/widget-scriptsae29ae29.js]
[iptv-e-p2p.dnetvpn.site/wp-content/plugins/elementor/assets/js/webpack.runtime.minf3dff3df.js]
[iptv-e-p2p.dnetvpn.site/wp-content/plugins/elementor/assets/js/frontend-modules.minf3dff3df.js]
[iptv-e-p2p.dnetvpn.site/wp-content/plugins/elementor/assets/lib/waypoints/waypoints.min05da05da.js]
[iptv-e-p2p.dnetvpn.site/wp-includes/js/jquery/ui/core.min00280028.js]
[iptv-e-p2p.dnetvpn.site/wp-content/plugins/elementor/assets/js/frontend.minf3dff3df.js]
[iptv-e-p2p.dnetvpn.site/indexe2f2e2f2.html]
[iptv-e-p2p.dnetvpn.site/wp-content/plugins/jeg-elementor-kit/assets/js/elements/sticky-element337d337d.js]
[iptv-e-p2p.dnetvpn.site/wp-content/plugins/elementor-pro/assets/js/webpack-pro.runtime.min1ac11ac1.js]
[iptv-e-p2p.dnetvpn.site/wp-includes/js/dist/vendor/regenerator-runtime.min39373937.js]
[iptv-e-p2p.dnetvpn.site/wp-includes/js/dist/vendor/wp-polyfill.min2c7c2c7c.js]
[iptv-e-p2p.dnetvpn.site/wp-includes/js/dist/hooks.mincbb5cbb5.js]
[iptv-e-p2p.dnetvpn.site/wp-includes/js/dist/i18n.min771a771a.js]
[iptv-e-p2p.dnetvpn.site/wp-content/plugins/elementor-pro/assets/js/frontend.min1ac11ac1.js]
[iptv-e-p2p.dnetvpn.site/wp-content/plugins/elementor-pro/assets/js/elements-handlers.min1ac11ac1.js]
[iptv-e-p2p.dnetvpn.site/wp-content/plugins/elementskit-lite/widgets/init/assets/js/animate-circleae29ae29.js]
[iptv-e-p2p.dnetvpn.site/wp-content/plugins/elementskit-lite/widgets/init/assets/js/elementorae29ae29.js]
[iptv-e-p2p.dnetvpn.site/wp-content/plugins/elementor/assets/lib/swiper/swiper.minae29ae29.js]
[iptv-e-p2p.dnetvpn.site/index.html]
[iptv-e-p2p.dnetvpn.site/c]
[iptv-e-p2p.dnetvpn.site/b]
[iptv-e-p2p.dnetvpn.site/POST]
[connect.facebook.net/en_US/fbevents.js]
[iptv-e-p2p.dnetvpn.site/index-2.html]
[iptvteste.tv/wp-content/uploads/2022/12/tlc-1024x677.jpg]
[iptvteste.tv/wp-content/uploads/2022/12/iptv-1-mes-14-1024x1024.png]
[iptvteste.tv/wp-content/uploads/2022/12/iptv-2-telas-16-1024x1024.png]
[iptvteste.tv/wp-content/uploads/2022/12/iptv-3-telas-17-1024x1024.png]
[iptvteste.tv/wp-content/uploads/2022/12/iptv-2-meses-9-1024x1024.png]
[iptvteste.tv/wp-content/uploads/2022/12/iptv-6-meses-7-1024x1024.png]
[iptvteste.tv/wp-content/uploads/2022/12/iptv-12-meses-6-1024x1024.png]
[iptvteste.tv/wp-content/uploads/2022/12/canais-2-1.jpg]
[iptvteste.tv/wp-content/uploads/2022/12/350px-Whatsapp-15.png]
[iptvteste.tv/wp-content/uploads/2022/12/iptv-10-1024x768.jpg]
[iptvteste.tv/wp-content/uploads/2022/12/iptv-4-6-1024x576.jpg]
[iptvteste.tv/wp-content/uploads/2022/12/canais-1-2.jpg]
[iptvteste.tv/wp-content/uploads/2022/12/iptv-2-3.jpg]
[iptvteste.tv/wp-content/uploads/2022/12/canais-3.jpg]
[iptvteste.tv/wp-content/uploads/2022/12/iptv-2-2.jpg]
[iptvteste.tv/wp-content/uploads/2022/12/canais-5-1.jpg]
[iptvteste.tv/wp-content/uploads/2022/12/iptv-4-2-1024x576.jpg]
[iptvteste.tv/wp-content/uploads/2022/12/canais-6.jpg]
[iptvteste.tv/wp-content/uploads/2022/12/iptv-3-1-1024x358.jpg]
[iptvteste.tv/wp-content/uploads/2022/12/canais-4.jpg]
[iptvteste.tv/wp-content/uploads/2022/12/iptv-4-1-1024x576.jpg]
[iptvteste.tv/wp-content/uploads/2022/12/canais-5.jpg]
[iptvteste.tv/wp-content/uploads/2022/12/IPTV-gratis.jpg]
[iptvteste.tv/wp-content/uploads/2022/12/canais-2.jpg]
[iptvteste.tv/wp-content/uploads/2022/12/iptv-7-1024x768.jpg]
[iptvteste.tv/wp-content/uploads/2022/12/canais-1.jpg]
[iptv-e-p2p.dnetvpn.site/feed/index.html]
[iptv-e-p2p.dnetvpn.site/comments/feed/index.html]
[iptv-e-p2p.dnetvpn.site/wp-content/plugins/jeg-elementor-kit/assets/css/elements/main337d337d.css]
[iptv-e-p2p.dnetvpn.site/wp-includes/css/dist/block-library/style.min1eb71eb7.css]
[iptv-e-p2p.dnetvpn.site/wp-content/plugins/jeg-elementor-kit/assets/img/letter-x.svg]
[iptv-e-p2p.dnetvpn.site/wp-content/plugins/elementor/assets/lib/eicons/fonts/eicons10751075.woff2]
[iptv-e-p2p.dnetvpn.site/wp-content/plugins/elementor/assets/lib/eicons/fonts/eicons10751075.eot]
[iptv-e-p2p.dnetvpn.site/wp-content/plugins/elementor/assets/lib/eicons/fonts/eicons10751075.woff]
[iptv-e-p2p.dnetvpn.site/wp-content/plugins/elementor/assets/lib/eicons/fonts/eicons10751075.ttf]
[iptv-e-p2p.dnetvpn.site/wp-content/plugins/elementor/assets/lib/eicons/css/elementor-icons.min91ce91ce.css]
[iptv-e-p2p.dnetvpn.site/wp-content/plugins/elementor/assets/css/frontend-lite.minf3dff3df.css]
[iptv-e-p2p.dnetvpn.site/wp-content/uploads/elementor/css/post-12051465146.css]
[iptv-e-p2p.dnetvpn.site/wp-content/plugins/elementor-pro/assets/css/frontend-lite.min1ac11ac1.css]
[iptv-e-p2p.dnetvpn.site/wp-content/plugins/elementor/assets/lib/eicons/fonts/eicons10751075.svg]
[iptv-e-p2p.dnetvpn.site/wp-content/uploads/2022/11/webplayer-testeiptv.png]
[iptv-e-p2p.dnetvpn.site/wp-content/uploads/2022/11/halftone-subs-white@2x.png]
[iptv-e-p2p.dnetvpn.site/wp-content/uploads/2022/11/bg-halftone@2x.png]
[iptv-e-p2p.dnetvpn.site/wp-content/uploads/2022/11/testi-bg@2x.png]
[iptv-e-p2p.dnetvpn.site/templatekit.jegtheme.com/izpay/wp-content/uploads/sites/30/2021/01/bg-black@2x.6a.delayed]
[iptv-e-p2p.dnetvpn.site/templatekit.jegtheme.com/izpay/wp-content/uploads/sites/30/2021/01/testi-bg@2x.png]
[iptv-e-p2p.dnetvpn.site/templatekit.jegtheme.com/izpay/wp-content/uploads/sites/30/2021/01/quote-bg-mobile2@2x.png]
[iptv-e-p2p.dnetvpn.site/wp-content/uploads/elementor/css/post-1107b107b1.css]
[iptv-e-p2p.dnetvpn.site/wp-content/plugins/elementor/assets/lib/font-awesome/webfonts/fa-brands-400.eot]
[iptv-e-p2p.dnetvpn.site/wp-content/plugins/elementor/assets/lib/font-awesome/webfonts/fa-brands-400d41dd41d.eot]
[iptv-e-p2p.dnetvpn.site/wp-content/plugins/elementor/assets/lib/font-awesome/webfonts/fa-brands-400.woff2]
[iptv-e-p2p.dnetvpn.site/wp-content/plugins/elementor/assets/lib/font-awesome/webfonts/fa-brands-400.woff]
[iptv-e-p2p.dnetvpn.site/wp-content/plugins/elementor/assets/lib/font-awesome/webfonts/fa-brands-400.ttf]
[iptv-e-p2p.dnetvpn.site/wp-content/plugins/elementor/assets/lib/font-awesome/webfonts/fa-brands-400.svg]
[iptv-e-p2p.dnetvpn.site/wp-content/plugins/elementor/assets/lib/font-awesome/webfonts/fa-regular-400.eot]
[iptv-e-p2p.dnetvpn.site/wp-content/plugins/elementor/assets/lib/font-awesome/webfonts/fa-regular-400d41dd41d.eot]
[iptv-e-p2p.dnetvpn.site/wp-content/plugins/elementor/assets/lib/font-awesome/webfonts/fa-regular-400.woff2]
[iptv-e-p2p.dnetvpn.site/wp-content/plugins/elementor/assets/lib/font-awesome/webfonts/fa-regular-400.woff]
[iptv-e-p2p.dnetvpn.site/wp-content/plugins/elementor/assets/lib/font-awesome/webfonts/fa-regular-400.ttf]
[iptv-e-p2p.dnetvpn.site/wp-content/plugins/elementor/assets/lib/font-awesome/webfonts/fa-regular-400.svg]
[iptv-e-p2p.dnetvpn.site/wp-content/plugins/elementor/assets/lib/font-awesome/webfonts/fa-solid-900.eot]
[iptv-e-p2p.dnetvpn.site/wp-content/plugins/elementor/assets/lib/font-awesome/webfonts/fa-solid-900d41dd41d.eot]
[iptv-e-p2p.dnetvpn.site/wp-content/plugins/elementor/assets/lib/font-awesome/webfonts/fa-solid-900.woff2]
[iptv-e-p2p.dnetvpn.site/wp-content/plugins/elementor/assets/lib/font-awesome/webfonts/fa-solid-900.woff]
[iptv-e-p2p.dnetvpn.site/wp-content/plugins/elementor/assets/lib/font-awesome/webfonts/fa-solid-900.ttf]
[iptv-e-p2p.dnetvpn.site/wp-content/plugins/elementor/assets/lib/font-awesome/css/all.minf3dff3df.css]
[iptv-e-p2p.dnetvpn.site/wp-content/plugins/elementor/assets/lib/font-awesome/css/v4-shims.minf3dff3df.css]
[iptv-e-p2p.dnetvpn.site/wp-content/themes/hello-elementor/style.minc141c141.css]
[iptv-e-p2p.dnetvpn.site/wp-content/themes/hello-elementor/theme.minc141c141.css]
[iptv-e-p2p.dnetvpn.site/wp-content/uploads/elementor/css/post-1951465146.css]
[iptv-e-p2p.dnetvpn.site/wp-content/uploads/elementor/css/post-23cbfccbfc.css]
[iptv-e-p2p.dnetvpn.site/wp-content/plugins/elementor/assets/lib/font-awesome/webfonts/fa-solid-900.svg]
[iptv-e-p2p.dnetvpn.site/wp-content/plugins/elementskit-lite/modules/elementskit-icon-pack/assets/css/ekiticonsae29ae29.css]
[iptv-e-p2p.dnetvpn.site/wp-content/plugins/elementskit-lite/modules/elementskit-icon-pack/assets/fonts/elementskit97ac97ac.woff]
[iptv-e-p2p.dnetvpn.site/wp-content/plugins/elementskit-lite/widgets/init/assets/img/arrow.png]
[iptv-e-p2p.dnetvpn.site/wp-content/plugins/elementskit-lite/widgets/init/assets/img/sort_asc.png]
[iptv-e-p2p.dnetvpn.site/wp-content/plugins/elementskit-lite/widgets/init/assets/img/sort_desc.png]
[iptv-e-p2p.dnetvpn.site/wp-content/plugins/elementskit-lite/widgets/init/assets/img/sort_asc_disabled.png]
[iptv-e-p2p.dnetvpn.site/wp-content/plugins/elementskit-lite/widgets/init/assets/css/widget-stylesae29ae29.css]
[iptv-e-p2p.dnetvpn.site/wp-content/plugins/elementskit-lite/widgets/init/assets/css/responsiveae29ae29.css]
[iptv-e-p2p.dnetvpn.site/wp-content/plugins/elementor/assets/lib/font-awesome/css/fontawesome.min52d552d5.css]
[iptv-e-p2p.dnetvpn.site/wp-content/plugins/elementor/assets/lib/font-awesome/css/solid.min52d552d5.css]
[iptv-e-p2p.dnetvpn.site/wp-content/plugins/elementor/assets/lib/font-awesome/css/brands.min52d552d5.css]
[iptv-e-p2p.dnetvpn.site/Trident/index.html]
[iptv-e-p2p.dnetvpn.site/wp-content/plugins/elementor/assets/lib/font-awesome/js/v4-shims.minf3dff3df.js]
[iptv-e-p2p.dnetvpn.site/wp-includes/js/jquery/jquery.minaf6caf6c.js]
[iptv-e-p2p.dnetvpn.site/wp-includes/js/jquery/jquery-migrate.mind617d617.js]
[iptv-e-p2p.dnetvpn.site/wp-json/index.html]
[iptv-e-p2p.dnetvpn.site/xmlrpc0db00db0.html]
[iptv-e-p2p.dnetvpn.site/wp-json/oembed/1.0/embedc536c536.html]
[iptv-e-p2p.dnetvpn.site/www.googletagmanager.com/gtm54455445.html]
[iptv-e-p2p.dnetvpn.site/wp-content/plugins/elementor/assets/css/widget-icon-list.min.css]
[iptv-e-p2p.dnetvpn.site/wp-content/plugins/jeg-elementor-kit/lib/jeg-framework/assets/css/jeg-dynamic-styles077c077c.css]
[iptv-e-p2p.dnetvpn.site/wp-content/plugins/elementor/assets/lib/animations/animations.minf3dff3df.css]
[iptv-e-p2p.dnetvpn.site/wp-content/themes/hello-elementor/assets/js/hello-frontend.min8a548a54.js]
[iptv-e-p2p.dnetvpn.site/wp-content/plugins/elementskit-lite/libs/framework/assets/js/frontend-scriptae29ae29.js]
[iptv-e-p2p.dnetvpn.site/wp-content/plugins/elementskit-lite/widgets/init/assets/js/widget-scriptsae29ae29.js]
[iptv-e-p2p.dnetvpn.site/wp-content/plugins/elementor/assets/js/webpack.runtime.minf3dff3df.js]
[iptv-e-p2p.dnetvpn.site/wp-content/plugins/elementor/assets/js/frontend-modules.minf3dff3df.js]
[iptv-e-p2p.dnetvpn.site/wp-content/plugins/elementor/assets/lib/waypoints/waypoints.min05da05da.js]
[iptv-e-p2p.dnetvpn.site/wp-includes/js/jquery/ui/core.min00280028.js]
[iptv-e-p2p.dnetvpn.site/-negative.html]
[iptv-e-p2p.dnetvpn.site/wp-content/plugins/elementor/assets/js/frontend.minf3dff3df.js]
[iptv-e-p2p.dnetvpn.site/OPR/index.html]
[iptv-e-p2p.dnetvpn.site/indexe2f2e2f2.html]
[iptv-e-p2p.dnetvpn.site/wp-content/plugins/jeg-elementor-kit/assets/js/elements/sticky-element337d337d.js]
[iptv-e-p2p.dnetvpn.site/wp-content/plugins/elementor-pro/assets/js/webpack-pro.runtime.min1ac11ac1.js]
[iptv-e-p2p.dnetvpn.site/wp-includes/js/dist/vendor/regenerator-runtime.min39373937.js]
[iptv-e-p2p.dnetvpn.site/wp-includes/js/dist/vendor/wp-polyfill.min2c7c2c7c.js]
[iptv-e-p2p.dnetvpn.site/wp-includes/js/dist/hooks.mincbb5cbb5.js]
[iptv-e-p2p.dnetvpn.site/wp-includes/js/dist/i18n.min771a771a.js]
[iptv-e-p2p.dnetvpn.site/wp-content/plugins/elementor-pro/assets/js/frontend.min1ac11ac1.js]
[iptv-e-p2p.dnetvpn.site/wp-content/plugins/elementor-pro/assets/js/elements-handlers.min1ac11ac1.js]
[iptv-e-p2p.dnetvpn.site/wp-content/plugins/elementskit-lite/widgets/init/assets/js/animate-circleae29ae29.js]
[iptv-e-p2p.dnetvpn.site/wp-content/plugins/elementskit-lite/widgets/init/assets/js/elementorae29ae29.js]
[iptv-e-p2p.dnetvpn.site/Edge/index.html]
[iptv-e-p2p.dnetvpn.site/Gecko/index.html]
[iptv-e-p2p.dnetvpn.site/Firefox/index.html]
[iptv-e-p2p.dnetvpn.site/Version/index.html]
[iptv-e-p2p.dnetvpn.site/version/index-2.html]
[iptv-e-p2p.dnetvpn.site/wp-content/plugins/elementor/assets/lib/swiper/swiper.minae29ae29.js]
[iptv-e-p2p.dnetvpn.site/c.html]
[iptv-e-p2p.dnetvpn.site/b.html]
[iptv-e-p2p.dnetvpn.site/POST.html]
[iptv-e-p2p.dnetvpn.site/wp-content/plugins/jeg-elementor-kit/assets/img/letter-x.svg]
[iptv-e-p2p.dnetvpn.site/wp-content/plugins/elementor/assets/lib/eicons/fonts/eicons10751075.svg]
[iptv-e-p2p.dnetvpn.site/templatekit.jegtheme.com/izpay/wp-content/uploads/sites/30/2021/01/bg-black@2x.html]
[iptv-e-p2p.dnetvpn.site/templatekit.jegtheme.com/izpay/wp-content/uploads/sites/30/2021/01/testi-bg@2x.html]
[iptv-e-p2p.dnetvpn.site/templatekit.jegtheme.com/izpay/wp-content/uploads/sites/30/2021/01/quote-bg-mobile2@2x.html]
[iptv-e-p2p.dnetvpn.site/wp-content/plugins/elementor/assets/lib/font-awesome/webfonts/fa-brands-400.svg]
[iptv-e-p2p.dnetvpn.site/wp-content/plugins/elementor/assets/lib/font-awesome/webfonts/fa-regular-400.svg]
[iptv-e-p2p.dnetvpn.site/wp-content/plugins/elementor/assets/lib/font-awesome/webfonts/fa-solid-900.svg]
[iptv-e-p2p.dnetvpn.site/wp-content/plugins/elementskit-lite/widgets/init/assets/img/cross-out.svg]
[iptvteste.tv/wp-content/plugins/jeg-elementor-kit/assets/css/elements/main337d.css]
[iptvteste.tv/wp-includes/css/dist/block-library/style.min1eb7.css]
[iptvteste.tv/wp-content/plugins/elementor/assets/lib/eicons/css/elementor-icons.min91ce.css]
[iptvteste.tv/wp-content/plugins/elementor/assets/css/frontend-lite.minf3df.css]
[iptvteste.tv/wp-content/uploads/elementor/css/post-1205146.css]
[iptvteste.tv/wp-content/plugins/elementor-pro/assets/css/frontend-lite.min1ac1.css]
[iptvteste.tv/wp-content/themes/hello-elementor/style.minc141.css]
[iptvteste.tv/wp-content/themes/hello-elementor/theme.minc141.css]
[iptvteste.tv/wp-content/uploads/elementor/css/post-195146.css]
[iptvteste.tv/wp-content/plugins/elementor/assets/lib/font-awesome/css/all.minf3df.css]
[iptvteste.tv/wp-content/plugins/elementor/assets/lib/font-awesome/css/v4-shims.minf3df.css]
[iptvteste.tv/wp-content/uploads/elementor/css/post-23cbfc.css]
[iptvteste.tv/wp-content/uploads/elementor/css/post-5248b34.css]
[iptvteste.tv/wp-content/plugins/elementskit-lite/modules/elementskit-icon-pack/assets/css/ekiticonsae29.css]
[iptvteste.tv/wp-content/plugins/elementskit-lite/widgets/init/assets/css/widget-stylesae29.css]
[iptvteste.tv/wp-content/plugins/elementskit-lite/widgets/init/assets/css/responsiveae29.css]
[iptvteste.tv/wp-content/plugins/elementor/assets/lib/font-awesome/css/fontawesome.min52d5.css]
[iptvteste.tv/wp-content/plugins/elementor/assets/lib/font-awesome/css/brands.min52d5.css]
[iptvteste.tv/wp-includes/js/jquery/jquery.minaf6c.js]
[iptvteste.tv/wp-includes/js/jquery/jquery-migrate.mind617.js]
[iptvteste.tv/wp-content/plugins/elementor/assets/lib/font-awesome/js/v4-shims.minf3df.js]
[iptvteste.tv/wp-content/uploads/2022/11/cropped-logo-iptv-32x32.png]
[iptvteste.tv/wp-content/uploads/2022/11/cropped-logo-iptv-192x192.png]
[iptvteste.tv/wp-content/uploads/2022/11/cropped-logo-iptv-180x180.png]
[iptvteste.tv/wp-content/uploads/2022/09/teste-iptv-6-horas.png]
[iptvteste.tv/wp-content/plugins/elementor/assets/css/widget-icon-list.min.css]
[images.dmca.com/Badges/dmca-badge-w250-5x1-033f9a.png]
[images.dmca.com/Badges/DMCABadgeHelper.min.js]
[iptvteste.tv/wp-content/themes/hello-elementor/assets/js/hello-frontend.min8a54.js]
[iptvteste.tv/wp-content/plugins/elementskit-lite/widgets/init/assets/js/widget-scriptsae29.js]
[iptvteste.tv/wp-content/plugins/elementor/assets/js/webpack.runtime.minf3df.js]
[iptvteste.tv/wp-content/plugins/elementor/assets/js/frontend-modules.minf3df.js]
[iptvteste.tv/wp-content/plugins/elementor/assets/lib/waypoints/waypoints.min05da.js]
[iptvteste.tv/wp-includes/js/jquery/ui/core.min0028.js]
[iptvteste.tv/wp-content/plugins/elementor/assets/js/frontend.minf3df.js]
[iptvteste.tv/wp-content/plugins/jeg-elementor-kit/assets/js/elements/sticky-element337d.js]
[iptvteste.tv/wp-content/plugins/jeg-elementor-kit/assets/js/goodshare/goodshare.minb5e1.js]
[iptvteste.tv/wp-content/plugins/elementor-pro/assets/js/webpack-pro.runtime.min1ac1.js]
[iptvteste.tv/wp-includes/js/dist/vendor/regenerator-runtime.min3937.js]
[iptvteste.tv/wp-includes/js/dist/vendor/wp-polyfill.min2c7c.js]
[iptvteste.tv/wp-includes/js/dist/hooks.mincbb5.js]
[iptvteste.tv/wp-includes/js/dist/i18n.min771a.js]
[iptvteste.tv/wp-content/plugins/elementor-pro/assets/js/frontend.min1ac1.js]
[iptvteste.tv/wp-content/plugins/elementor-pro/assets/js/elements-handlers.min1ac1.js]
[iptvteste.tv/wp-content/plugins/elementskit-lite/widgets/init/assets/js/animate-circleae29.js]
[iptvteste.tv/wp-content/plugins/elementskit-lite/widgets/init/assets/js/elementorae29.js]
[iptvteste.tv/wp-content/plugins/elementor/assets/lib/swiper/swiper.minae29.js]
[iptv-e-p2p.dnetvpn.site/Trident/index.html]
[iptv-e-p2p.dnetvpn.site/-negative.html]
[iptv-e-p2p.dnetvpn.site/OPR/index.html]
[iptv-e-p2p.dnetvpn.site/Edge/index.html]
[iptv-e-p2p.dnetvpn.site/Gecko/index.html]
[iptv-e-p2p.dnetvpn.site/Firefox/index.html]
[iptv-e-p2p.dnetvpn.site/Version/index.html]
[iptv-e-p2p.dnetvpn.site/version/index-2.html]
[iptvteste.tv/wp-content/plugins/jeg-elementor-kit/assets/css/elements/main337d.css]
[iptvteste.tv/wp-includes/css/dist/block-library/style.min1eb7.css]
[iptvteste.tv/wp-content/plugins/elementor/assets/lib/eicons/css/elementor-icons.min91ce.css]
[iptvteste.tv/wp-content/plugins/elementor/assets/css/frontend-lite.minf3df.css]
[iptvteste.tv/wp-content/uploads/elementor/css/post-1205146.css]
[iptvteste.tv/wp-content/plugins/elementor-pro/assets/css/frontend-lite.min1ac1.css]
[iptvteste.tv/wp-content/themes/hello-elementor/style.minc141.css]
[iptvteste.tv/wp-content/themes/hello-elementor/theme.minc141.css]
[iptvteste.tv/wp-content/uploads/elementor/css/post-195146.css]
[iptvteste.tv/wp-content/plugins/elementor/assets/lib/font-awesome/css/all.minf3df.css]
[iptvteste.tv/wp-content/plugins/elementor/assets/lib/font-awesome/css/v4-shims.minf3df.css]
[iptvteste.tv/wp-content/uploads/elementor/css/post-23cbfc.css]
[iptvteste.tv/wp-content/uploads/2022/11/hjalftone-header-1@2x.png]
[iptvteste.tv/wp-content/uploads/elementor/css/post-5248b34.css]
[iptvteste.tv/wp-content/plugins/elementskit-lite/modules/elementskit-icon-pack/assets/css/ekiticonsae29.css]
[iptvteste.tv/wp-content/plugins/elementskit-lite/widgets/init/assets/img/arrow.png]
[iptvteste.tv/wp-content/plugins/elementskit-lite/widgets/init/assets/img/sort_asc.png]
[iptvteste.tv/wp-content/plugins/elementskit-lite/widgets/init/assets/img/sort_desc.png]
[iptvteste.tv/wp-content/plugins/elementskit-lite/widgets/init/assets/img/sort_asc_disabled.png]
[iptvteste.tv/wp-content/plugins/elementskit-lite/widgets/init/assets/css/widget-stylesae29.css]
[iptvteste.tv/wp-content/plugins/elementskit-lite/widgets/init/assets/css/responsiveae29.css]
[iptvteste.tv/wp-content/plugins/elementor/assets/lib/font-awesome/css/fontawesome.min52d5.css]
[iptvteste.tv/wp-content/plugins/elementor/assets/lib/font-awesome/css/brands.min52d5.css]
[iptvteste.tv/wp-includes/js/jquery/jquery.minaf6c.js]
[iptvteste.tv/wp-includes/js/jquery/jquery-migrate.mind617.js]
[iptvteste.tv/wp-content/plugins/elementor/assets/lib/font-awesome/js/v4-shims.minf3df.js]
[www.googletagmanager.com/gtm5445.html]
[iptvteste.tv/wp-content/plugins/elementor/assets/css/widget-icon-list.min.css]
[iptvteste.tv/wp-content/plugins/jeg-elementor-kit/lib/jeg-framework/assets/css/jeg-dynamic-styles077c.css]
[iptvteste.tv/wp-content/themes/hello-elementor/assets/js/hello-frontend.min8a54.js]
[iptvteste.tv/wp-content/plugins/elementskit-lite/libs/framework/assets/js/frontend-scriptae29.js]
[iptvteste.tv/wp-content/plugins/elementskit-lite/widgets/init/assets/js/widget-scriptsae29.js]
[iptvteste.tv/wp-content/plugins/elementor/assets/js/webpack.runtime.minf3df.js]
[iptvteste.tv/wp-content/plugins/elementor/assets/js/frontend-modules.minf3df.js]
[iptvteste.tv/wp-content/plugins/elementor/assets/lib/waypoints/waypoints.min05da.js]
[iptvteste.tv/wp-includes/js/jquery/ui/core.min0028.js]
[iptv-e-p2p.dnetvpn.site/Trident/Trident/index.html]
[iptv-e-p2p.dnetvpn.site/Trident/-negative.c4.delayed]
[iptvteste.tv/wp-content/plugins/elementor/assets/js/frontend.minf3df.js]
[iptvteste.tv/wp-content/plugins/jeg-elementor-kit/assets/js/elements/sticky-element337d.js]
[iptvteste.tv/wp-content/plugins/jeg-elementor-kit/assets/js/goodshare/goodshare.minb5e1.js]
[iptvteste.tv/wp-content/plugins/elementor-pro/assets/js/webpack-pro.runtime.min1ac1.js]
[iptvteste.tv/wp-includes/js/dist/vendor/regenerator-runtime.min3937.js]
[iptvteste.tv/wp-includes/js/dist/vendor/wp-polyfill.min2c7c.js]
[iptvteste.tv/wp-includes/js/dist/hooks.mincbb5.js]
[iptvteste.tv/wp-includes/js/dist/i18n.min771a.js]
[iptvteste.tv/wp-content/plugins/elementor-pro/assets/js/frontend.min1ac1.js]
[iptvteste.tv/wp-content/plugins/elementor-pro/assets/js/elements-handlers.min1ac1.js]
[iptvteste.tv/wp-content/plugins/elementskit-lite/widgets/init/assets/js/animate-circleae29.js]
[iptvteste.tv/wp-content/plugins/elementskit-lite/widgets/init/assets/js/elementorae29.js]
[iptvteste.tv/wp-content/plugins/elementor/assets/lib/swiper/swiper.minae29.js]
[iptv-e-p2p.dnetvpn.site/Trident/OPR/index.html]
[iptv-e-p2p.dnetvpn.site/Trident/Gecko/index.html]
[iptv-e-p2p.dnetvpn.site/Trident/Edge/index.html]
[iptv-e-p2p.dnetvpn.site/Trident/Trident/index.html]
[iptv-e-p2p.dnetvpn.site/Trident/-negative.html]
[iptv-e-p2p.dnetvpn.site/Trident/OPR/index.html]
[iptv-e-p2p.dnetvpn.site/Trident/Edge/index.html]
[iptv-e-p2p.dnetvpn.site/Trident/Gecko/index.html]
[iptv-e-p2p.dnetvpn.site/Trident/version/index-2.html]
[iptv-e-p2p.dnetvpn.site/Trident/Firefox/index.html]
[iptv-e-p2p.dnetvpn.site/Trident/Version/index.html]
[iptv-e-p2p.dnetvpn.site/Trident/Firefox/index.html]
[iptv-e-p2p.dnetvpn.site/Trident/Version/index.html]
[iptv-e-p2p.dnetvpn.site/Trident/version/index-2.html]
